[{"stream_name":"stdout","time":0.951900689,"data":"+ nvidia-smi\n"}
,{"stream_name":"stderr","time":0.96417735,"data":"Traceback (most recent call last):\n"}
,{"stream_name":"stderr","time":0.964254299,"data":"  File \"/kaggle/src/script.py\", line 342, in \u003cmodule\u003e\n"}
,{"stream_name":"stderr","time":0.964259929,"data":"    main()\n"}
,{"stream_name":"stderr","time":0.964264108,"data":"  File \"/kaggle/src/script.py\", line 181, in main\n"}
,{"stream_name":"stderr","time":0.964268352,"data":"    run([\"nvidia-smi\"])\n"}
,{"stream_name":"stderr","time":0.964281885,"data":"  File \"/kaggle/src/script.py\", line 40, in run\n"}
,{"stream_name":"stderr","time":0.96428587,"data":"    subprocess.run(command, cwd=cwd, check=True)\n"}
,{"stream_name":"stderr","time":0.964290399,"data":"  File \"/usr/lib/python3.12/subprocess.py\", line 548, in run\n"}
,{"stream_name":"stderr","time":0.968123353,"data":"    with Popen(*popenargs, **kwargs) as process:\n"}
,{"stream_name":"stderr","time":0.968157965,"data":"         ^^^^^^^^^^^^^^^^^^^^^^^^^^^\n"}
,{"stream_name":"stderr","time":0.968163583,"data":"  File \"/usr/lib/python3.12/subprocess.py\", line 1026, in __init__\n"}
,{"stream_name":"stderr","time":0.968168918,"data":"    self._execute_child(args, executable, preexec_fn, close_fds,\n"}
,{"stream_name":"stderr","time":0.968173545,"data":"  File \"/usr/lib/python3.12/subprocess.py\", line 1955, in _execute_child\n"}
,{"stream_name":"stderr","time":0.968178758,"data":"    raise child_exception_type(errno_num, err_msg, err_filename)\n"}
,{"stream_name":"stderr","time":0.96818378,"data":"FileNotFoundError: [Errno 2] No such file or directory: 'nvidia-smi'\n"}
,{"stream_name":"stderr","time":3.872913683,"data":"/usr/local/lib/python3.12/dist-packages/mistune.py:435: SyntaxWarning: invalid escape sequence '\\|'\n"}
,{"stream_name":"stderr","time":3.8729796199999997,"data":"  cells[i][c] = re.sub('\\\\\\\\\\|', '|', cell)\n"}
,{"stream_name":"stderr","time":4.273862201,"data":"/usr/local/lib/python3.12/dist-packages/nbconvert/filters/filter_links.py:36: SyntaxWarning: invalid escape sequence '\\_'\n"}
,{"stream_name":"stderr","time":4.2738998630000005,"data":"  text = re.sub(r'_', '\\_', text) # Escape underscores in display text\n"}
,{"stream_name":"stderr","time":5.962397311,"data":"[NbConvertApp] Converting notebook __script__.ipynb to html\n"}
,{"stream_name":"stderr","time":7.625129061,"data":"[NbConvertApp] Writing 328172 bytes to __results__.html\n"}
]